Archive member included to satisfy reference by file (symbol)

../hallo_bsp/\libhal_bsp.a(alt_load.o)
                              ../hallo_bsp//obj/HAL/src/crt0.o (alt_load)
../hallo_bsp/\libhal_bsp.a(alt_main.o)
                              ../hallo_bsp//obj/HAL/src/crt0.o (alt_main)
../hallo_bsp/\libhal_bsp.a(alt_putstr.o)
                              obj/default/hello_world_small.o (alt_putstr)
../hallo_bsp/\libhal_bsp.a(alt_sys_init.o)
                              ../hallo_bsp/\libhal_bsp.a(alt_main.o) (alt_irq_init)
../hallo_bsp/\libhal_bsp.a(altera_avalon_jtag_uart_write.o)
                              ../hallo_bsp/\libhal_bsp.a(alt_putstr.o) (altera_avalon_jtag_uart_write)
../hallo_bsp/\libhal_bsp.a(alt_dcache_flush_all.o)
                              ../hallo_bsp/\libhal_bsp.a(alt_load.o) (alt_dcache_flush_all)
../hallo_bsp/\libhal_bsp.a(alt_icache_flush_all.o)
                              ../hallo_bsp/\libhal_bsp.a(alt_load.o) (alt_icache_flush_all)
../hallo_bsp/\libhal_bsp.a(altera_nios2_gen2_irq.o)
                              ../hallo_bsp/\libhal_bsp.a(alt_sys_init.o) (altera_nios2_gen2_irq_init)
d:/intelfpga_lite/18.1/nios2eds/bin/gnu/h-x86_64-mingw32/bin/../lib/gcc/nios2-elf/5.3.0/../../../../../H-x86_64-mingw32/nios2-elf/lib/mno-hw-mul\libsmallc.a(lib_a-strlen.o)
                              ../hallo_bsp/\libhal_bsp.a(alt_putstr.o) (strlen)

Memory Configuration

Name             Origin             Length             Attributes
new_sdram_controller_0 0x0000000000000000 0x0000000002000000
reset            0x0000000002004000 0x0000000000000020
onchip_memory2_0 0x0000000002004020 0x0000000000003fe0
*default*        0x0000000000000000 0xffffffffffffffff

Linker script and memory map

LOAD ../hallo_bsp//obj/HAL/src/crt0.o
LOAD obj/default/hello_world_small.o
LOAD d:/intelfpga_lite/18.1/nios2eds/bin/gnu/h-x86_64-mingw32/bin/../lib/gcc/nios2-elf/5.3.0/../../../../../H-x86_64-mingw32/nios2-elf/lib/mno-hw-mul\libstdc++.a
LOAD d:/intelfpga_lite/18.1/nios2eds/bin/gnu/h-x86_64-mingw32/bin/../lib/gcc/nios2-elf/5.3.0/../../../../../H-x86_64-mingw32/nios2-elf/lib/mno-hw-mul\libm.a
LOAD d:/intelfpga_lite/18.1/nios2eds/bin/gnu/h-x86_64-mingw32/bin/../lib/gcc/nios2-elf/5.3.0/mno-hw-mul\libgcc.a
START GROUP
LOAD d:/intelfpga_lite/18.1/nios2eds/bin/gnu/h-x86_64-mingw32/bin/../lib/gcc/nios2-elf/5.3.0/../../../../../H-x86_64-mingw32/nios2-elf/lib/mno-hw-mul\libsmallc.a
LOAD d:/intelfpga_lite/18.1/nios2eds/bin/gnu/h-x86_64-mingw32/bin/../lib/gcc/nios2-elf/5.3.0/mno-hw-mul\libgcc.a
LOAD ../hallo_bsp/\libhal_bsp.a
LOAD d:/intelfpga_lite/18.1/nios2eds/bin/gnu/h-x86_64-mingw32/bin/../lib/gcc/nios2-elf/5.3.0/../../../../../H-x86_64-mingw32/nios2-elf/lib/mno-hw-mul\libm.a
END GROUP
LOAD d:/intelfpga_lite/18.1/nios2eds/bin/gnu/h-x86_64-mingw32/bin/../lib/gcc/nios2-elf/5.3.0/mno-hw-mul\libgcc.a
                0x0000000000000000                __alt_mem_new_sdram_controller_0 = 0x0
                0x0000000002004000                __alt_mem_onchip_memory2_0 = 0x2004000

.entry          0x0000000002004000       0x20
 *(.entry)
 .entry         0x0000000002004000       0x20 ../hallo_bsp//obj/HAL/src/crt0.o
                0x0000000002004000                __reset
                0x000000000200400c                _exit

.exceptions     0x0000000002004020        0x0
                0x0000000002004020                PROVIDE (__ram_exceptions_start, ABSOLUTE (.))
                0x0000000002004020                . = ALIGN (0x20)
 *(.irq)
 *(.exceptions.entry.label)
 *(.exceptions.entry.user)
 *(.exceptions.entry.ecc_fatal)
 *(.exceptions.entry)
 *(.exceptions.irqtest.user)
 *(.exceptions.irqtest)
 *(.exceptions.irqhandler.user)
 *(.exceptions.irqhandler)
 *(.exceptions.irqreturn.user)
 *(.exceptions.irqreturn)
 *(.exceptions.notirq.label)
 *(.exceptions.notirq.user)
 *(.exceptions.notirq)
 *(.exceptions.soft.user)
 *(.exceptions.soft)
 *(.exceptions.unknown.user)
 *(.exceptions.unknown)
 *(.exceptions.exit.label)
 *(.exceptions.exit.user)
 *(.exceptions.exit)
 *(.exceptions)
                0x0000000002004020                PROVIDE (__ram_exceptions_end, ABSOLUTE (.))
                0x0000000002004020                PROVIDE (__flash_exceptions_start, LOADADDR (.exceptions))

.text           0x0000000002004020      0x21c
                [!provide]                        PROVIDE (stext, ABSOLUTE (.))
 *(.interp)
 *(.hash)
 *(.dynsym)
 *(.dynstr)
 *(.gnu.version)
 *(.gnu.version_d)
 *(.gnu.version_r)
 *(.rel.init)
 *(.rela.init)
 *(.rel.text .rel.text.* .rel.gnu.linkonce.t.*)
 *(.rela.text .rela.text.* .rela.gnu.linkonce.t.*)
 *(.rel.fini)
 *(.rela.fini)
 *(.rel.rodata .rel.rodata.* .rel.gnu.linkonce.r.*)
 *(.rela.rodata .rela.rodata.* .rela.gnu.linkonce.r.*)
 *(.rel.data .rel.data.* .rel.gnu.linkonce.d.*)
 *(.rela.data .rela.data.* .rela.gnu.linkonce.d.*)
 *(.rel.tdata .rel.tdata.* .rel.gnu.linkonce.td.*)
 *(.rela.tdata .rela.tdata.* .rela.gnu.linkonce.td.*)
 *(.rel.tbss .rel.tbss.* .rel.gnu.linkonce.tb.*)
 *(.rela.tbss .rela.tbss.* .rela.gnu.linkonce.tb.*)
 *(.rel.ctors)
 *(.rela.ctors)
 *(.rel.dtors)
 *(.rela.dtors)
 *(.rel.got)
 *(.rela.got)
 *(.rel.sdata .rel.sdata.* .rel.gnu.linkonce.s.*)
 *(.rela.sdata .rela.sdata.* .rela.gnu.linkonce.s.*)
 *(.rel.sbss .rel.sbss.* .rel.gnu.linkonce.sb.*)
 *(.rela.sbss .rela.sbss.* .rela.gnu.linkonce.sb.*)
 *(.rel.sdata2 .rel.sdata2.* .rel.gnu.linkonce.s2.*)
 *(.rela.sdata2 .rela.sdata2.* .rela.gnu.linkonce.s2.*)
 *(.rel.sbss2 .rel.sbss2.* .rel.gnu.linkonce.sb2.*)
 *(.rela.sbss2 .rela.sbss2.* .rela.gnu.linkonce.sb2.*)
 *(.rel.bss .rel.bss.* .rel.gnu.linkonce.b.*)
 *(.rela.bss .rela.bss.* .rela.gnu.linkonce.b.*)
 *(.rel.plt)
 *(.rela.plt)
 *(.rel.dyn)
 *(.init)
 *(.plt)
 *(.text .stub .text.* .gnu.linkonce.t.*)
 .text          0x0000000002004020       0x3c ../hallo_bsp//obj/HAL/src/crt0.o
                0x0000000002004020                _start
 .text          0x000000000200405c        0x0 obj/default/hello_world_small.o
 .text.startup  0x000000000200405c       0x18 obj/default/hello_world_small.o
                0x000000000200405c                main
 .text          0x0000000002004074       0xe0 ../hallo_bsp/\libhal_bsp.a(alt_load.o)
                0x0000000002004074                alt_load
 .text          0x0000000002004154       0x2c ../hallo_bsp/\libhal_bsp.a(alt_main.o)
                0x0000000002004154                alt_main
 .text          0x0000000002004180       0x38 ../hallo_bsp/\libhal_bsp.a(alt_putstr.o)
                0x0000000002004180                alt_putstr
 .text          0x00000000020041b8       0x24 ../hallo_bsp/\libhal_bsp.a(alt_sys_init.o)
                0x00000000020041b8                alt_irq_init
                0x00000000020041d8                alt_sys_init
 .text          0x00000000020041dc       0x34 ../hallo_bsp/\libhal_bsp.a(altera_avalon_jtag_uart_write.o)
                0x00000000020041dc                altera_avalon_jtag_uart_write
 .text          0x0000000002004210        0x4 ../hallo_bsp/\libhal_bsp.a(alt_dcache_flush_all.o)
                0x0000000002004210                alt_dcache_flush_all
 .text          0x0000000002004214        0x4 ../hallo_bsp/\libhal_bsp.a(alt_icache_flush_all.o)
                0x0000000002004214                alt_icache_flush_all
 .text          0x0000000002004218        0x8 ../hallo_bsp/\libhal_bsp.a(altera_nios2_gen2_irq.o)
                0x0000000002004218                altera_nios2_gen2_irq_init
 .text          0x0000000002004220        0x0 d:/intelfpga_lite/18.1/nios2eds/bin/gnu/h-x86_64-mingw32/bin/../lib/gcc/nios2-elf/5.3.0/../../../../../H-x86_64-mingw32/nios2-elf/lib/mno-hw-mul\libsmallc.a(lib_a-strlen.o)
 .text.strlen   0x0000000002004220       0x1c d:/intelfpga_lite/18.1/nios2eds/bin/gnu/h-x86_64-mingw32/bin/../lib/gcc/nios2-elf/5.3.0/../../../../../H-x86_64-mingw32/nios2-elf/lib/mno-hw-mul\libsmallc.a(lib_a-strlen.o)
                0x0000000002004220                strlen
 *(.gnu.warning.*)
 *(.fini)
                [!provide]                        PROVIDE (__etext, ABSOLUTE (.))
                [!provide]                        PROVIDE (_etext, ABSOLUTE (.))
                [!provide]                        PROVIDE (etext, ABSOLUTE (.))
 *(.eh_frame_hdr)
                0x000000000200423c                . = ALIGN (0x4)
                [!provide]                        PROVIDE (__preinit_array_start, ABSOLUTE (.))
 *(.preinit_array)
                [!provide]                        PROVIDE (__preinit_array_end, ABSOLUTE (.))
                [!provide]                        PROVIDE (__init_array_start, ABSOLUTE (.))
 *(.init_array)
                [!provide]                        PROVIDE (__init_array_end, ABSOLUTE (.))
                [!provide]                        PROVIDE (__fini_array_start, ABSOLUTE (.))
 *(.fini_array)
                [!provide]                        PROVIDE (__fini_array_end, ABSOLUTE (.))
 *(.eh_frame)
 *(.gcc_except_table .gcc_except_table.*)
 *(.dynamic)
                [!provide]                        PROVIDE (__CTOR_LIST__, ABSOLUTE (.))
 *(.ctors)
 *(SORT(.ctors.*))
                [!provide]                        PROVIDE (__CTOR_END__, ABSOLUTE (.))
                [!provide]                        PROVIDE (__DTOR_LIST__, ABSOLUTE (.))
 *(.dtors)
 *(SORT(.dtors.*))
                [!provide]                        PROVIDE (__DTOR_END__, ABSOLUTE (.))
 *(.jcr)
                0x000000000200423c                . = ALIGN (0x4)

.rodata         0x0000000000000000       0x18 load address 0x000000000200423c
                0x0000000000000000                PROVIDE (__ram_rodata_start, ABSOLUTE (.))
                0x0000000000000000                . = ALIGN (0x4)
 *(.rodata .rodata.* .gnu.linkonce.r.*)
 .rodata.str1.4
                0x0000000000000000       0x18 obj/default/hello_world_small.o
                                         0x15 (size before relaxing)
 *(.rodata1)
                0x0000000000000018                . = ALIGN (0x4)
                0x0000000000000018                PROVIDE (__ram_rodata_end, ABSOLUTE (.))
                0x000000000200423c                PROVIDE (__flash_rodata_start, LOADADDR (.rodata))

.rwdata         0x0000000000000018        0x4 load address 0x0000000002004254
                0x0000000000000018                PROVIDE (__ram_rwdata_start, ABSOLUTE (.))
                0x0000000000000018                . = ALIGN (0x4)
 *(.got.plt)
 *(.got)
 *(.data1)
 *(.data .data.* .gnu.linkonce.d.*)
 .data          0x0000000000000018        0x0 ../hallo_bsp//obj/HAL/src/crt0.o
 .data          0x0000000000000018        0x0 obj/default/hello_world_small.o
 .data          0x0000000000000018        0x0 ../hallo_bsp/\libhal_bsp.a(alt_load.o)
 .data          0x0000000000000018        0x0 ../hallo_bsp/\libhal_bsp.a(alt_main.o)
 .data          0x0000000000000018        0x0 ../hallo_bsp/\libhal_bsp.a(alt_putstr.o)
 .data          0x0000000000000018        0x0 ../hallo_bsp/\libhal_bsp.a(alt_sys_init.o)
 .data          0x0000000000000018        0x0 ../hallo_bsp/\libhal_bsp.a(altera_avalon_jtag_uart_write.o)
 .data          0x0000000000000018        0x0 ../hallo_bsp/\libhal_bsp.a(alt_dcache_flush_all.o)
 .data          0x0000000000000018        0x0 ../hallo_bsp/\libhal_bsp.a(alt_icache_flush_all.o)
 .data          0x0000000000000018        0x0 ../hallo_bsp/\libhal_bsp.a(altera_nios2_gen2_irq.o)
 .data          0x0000000000000018        0x0 d:/intelfpga_lite/18.1/nios2eds/bin/gnu/h-x86_64-mingw32/bin/../lib/gcc/nios2-elf/5.3.0/../../../../../H-x86_64-mingw32/nios2-elf/lib/mno-hw-mul\libsmallc.a(lib_a-strlen.o)
                0x0000000000008018                _gp = ABSOLUTE ((. + 0x8000))
                [!provide]                        PROVIDE (gp, _gp)
 *(.rwdata .rwdata.*)
 *(.sdata .sdata.* .gnu.linkonce.s.*)
 .sdata         0x0000000000000018        0x4 ../hallo_bsp/\libhal_bsp.a(alt_sys_init.o)
                0x0000000000000018                jtag_uart_0
 *(.sdata2 .sdata2.* .gnu.linkonce.s2.*)
                0x000000000000001c                . = ALIGN (0x4)
                0x000000000000001c                _edata = ABSOLUTE (.)
                [!provide]                        PROVIDE (edata, ABSOLUTE (.))
                0x000000000000001c                PROVIDE (__ram_rwdata_end, ABSOLUTE (.))
                0x0000000002004254                PROVIDE (__flash_rwdata_start, LOADADDR (.rwdata))

.bss            0x000000000000001c        0xc load address 0x0000000002004258
                0x000000000000001c                __bss_start = ABSOLUTE (.)
                [!provide]                        PROVIDE (__sbss_start, ABSOLUTE (.))
                [!provide]                        PROVIDE (___sbss_start, ABSOLUTE (.))
 *(.dynsbss)
 *(.sbss .sbss.* .gnu.linkonce.sb.*)
 .sbss          0x000000000000001c        0xc ../hallo_bsp/\libhal_bsp.a(alt_main.o)
                0x000000000000001c                alt_envp
                0x0000000000000020                alt_argv
                0x0000000000000024                alt_argc
 *(.sbss2 .sbss2.* .gnu.linkonce.sb2.*)
 *(.scommon)
                [!provide]                        PROVIDE (__sbss_end, ABSOLUTE (.))
                [!provide]                        PROVIDE (___sbss_end, ABSOLUTE (.))
 *(.dynbss)
 *(.bss .bss.* .gnu.linkonce.b.*)
 .bss           0x0000000000000028        0x0 ../hallo_bsp//obj/HAL/src/crt0.o
 .bss           0x0000000000000028        0x0 obj/default/hello_world_small.o
 .bss           0x0000000000000028        0x0 ../hallo_bsp/\libhal_bsp.a(alt_load.o)
 .bss           0x0000000000000028        0x0 ../hallo_bsp/\libhal_bsp.a(alt_main.o)
 .bss           0x0000000000000028        0x0 ../hallo_bsp/\libhal_bsp.a(alt_putstr.o)
 .bss           0x0000000000000028        0x0 ../hallo_bsp/\libhal_bsp.a(alt_sys_init.o)
 .bss           0x0000000000000028        0x0 ../hallo_bsp/\libhal_bsp.a(altera_avalon_jtag_uart_write.o)
 .bss           0x0000000000000028        0x0 ../hallo_bsp/\libhal_bsp.a(alt_dcache_flush_all.o)
 .bss           0x0000000000000028        0x0 ../hallo_bsp/\libhal_bsp.a(alt_icache_flush_all.o)
 .bss           0x0000000000000028        0x0 ../hallo_bsp/\libhal_bsp.a(altera_nios2_gen2_irq.o)
 .bss           0x0000000000000028        0x0 d:/intelfpga_lite/18.1/nios2eds/bin/gnu/h-x86_64-mingw32/bin/../lib/gcc/nios2-elf/5.3.0/../../../../../H-x86_64-mingw32/nios2-elf/lib/mno-hw-mul\libsmallc.a(lib_a-strlen.o)
 *(COMMON)
                0x0000000000000028                . = ALIGN (0x4)
                0x0000000000000028                __bss_end = ABSOLUTE (.)

.new_sdram_controller_0
                0x0000000000000028        0x0 load address 0x0000000002004258
                [!provide]                        PROVIDE (_alt_partition_new_sdram_controller_0_start, ABSOLUTE (.))
 *(.new_sdram_controller_0 .new_sdram_controller_0. new_sdram_controller_0.*)
                0x0000000000000028                . = ALIGN (0x4)
                [!provide]                        PROVIDE (_alt_partition_new_sdram_controller_0_end, ABSOLUTE (.))
                0x0000000000000028                _end = ABSOLUTE (.)
                0x0000000000000028                end = ABSOLUTE (.)
                0x0000000000000028                __alt_stack_base = ABSOLUTE (.)
                [!provide]                        PROVIDE (_alt_partition_new_sdram_controller_0_load_addr, LOADADDR (.new_sdram_controller_0))

.onchip_memory2_0
                0x0000000002004258        0x0
                [!provide]                        PROVIDE (_alt_partition_onchip_memory2_0_start, ABSOLUTE (.))
 *(.onchip_memory2_0 .onchip_memory2_0. onchip_memory2_0.*)
                0x0000000002004258                . = ALIGN (0x4)
                [!provide]                        PROVIDE (_alt_partition_onchip_memory2_0_end, ABSOLUTE (.))
                [!provide]                        PROVIDE (_alt_partition_onchip_memory2_0_load_addr, LOADADDR (.onchip_memory2_0))

.stab
 *(.stab)

.stabstr
 *(.stabstr)

.stab.excl
 *(.stab.excl)

.stab.exclstr
 *(.stab.exclstr)

.stab.index
 *(.stab.index)

.stab.indexstr
 *(.stab.indexstr)

.comment        0x0000000000000000       0x23
 *(.comment)
 .comment       0x0000000000000000       0x23 obj/default/hello_world_small.o
                                         0x24 (size before relaxing)
 .comment       0x0000000000000023       0x24 ../hallo_bsp/\libhal_bsp.a(alt_load.o)
 .comment       0x0000000000000023       0x24 ../hallo_bsp/\libhal_bsp.a(alt_main.o)
 .comment       0x0000000000000023       0x24 ../hallo_bsp/\libhal_bsp.a(alt_putstr.o)
 .comment       0x0000000000000023       0x24 ../hallo_bsp/\libhal_bsp.a(alt_sys_init.o)
 .comment       0x0000000000000023       0x24 ../hallo_bsp/\libhal_bsp.a(altera_avalon_jtag_uart_write.o)
 .comment       0x0000000000000023       0x24 ../hallo_bsp/\libhal_bsp.a(alt_dcache_flush_all.o)
 .comment       0x0000000000000023       0x24 ../hallo_bsp/\libhal_bsp.a(alt_icache_flush_all.o)
 .comment       0x0000000000000023       0x24 ../hallo_bsp/\libhal_bsp.a(altera_nios2_gen2_irq.o)
 .comment       0x0000000000000023       0x24 d:/intelfpga_lite/18.1/nios2eds/bin/gnu/h-x86_64-mingw32/bin/../lib/gcc/nios2-elf/5.3.0/../../../../../H-x86_64-mingw32/nios2-elf/lib/mno-hw-mul\libsmallc.a(lib_a-strlen.o)

.debug
 *(.debug)

.line
 *(.line)

.debug_srcinfo
 *(.debug_srcinfo)

.debug_sfnames
 *(.debug_sfnames)

.debug_aranges  0x0000000000000000      0x168
 *(.debug_aranges)
 .debug_aranges
                0x0000000000000000       0x28 ../hallo_bsp//obj/HAL/src/crt0.o
 .debug_aranges
                0x0000000000000028       0x20 obj/default/hello_world_small.o
 .debug_aranges
                0x0000000000000048       0x20 ../hallo_bsp/\libhal_bsp.a(alt_load.o)
 .debug_aranges
                0x0000000000000068       0x20 ../hallo_bsp/\libhal_bsp.a(alt_main.o)
 .debug_aranges
                0x0000000000000088       0x20 ../hallo_bsp/\libhal_bsp.a(alt_putstr.o)
 .debug_aranges
                0x00000000000000a8       0x20 ../hallo_bsp/\libhal_bsp.a(alt_sys_init.o)
 .debug_aranges
                0x00000000000000c8       0x20 ../hallo_bsp/\libhal_bsp.a(altera_avalon_jtag_uart_write.o)
 .debug_aranges
                0x00000000000000e8       0x20 ../hallo_bsp/\libhal_bsp.a(alt_dcache_flush_all.o)
 .debug_aranges
                0x0000000000000108       0x20 ../hallo_bsp/\libhal_bsp.a(alt_icache_flush_all.o)
 .debug_aranges
                0x0000000000000128       0x20 ../hallo_bsp/\libhal_bsp.a(altera_nios2_gen2_irq.o)
 .debug_aranges
                0x0000000000000148       0x20 d:/intelfpga_lite/18.1/nios2eds/bin/gnu/h-x86_64-mingw32/bin/../lib/gcc/nios2-elf/5.3.0/../../../../../H-x86_64-mingw32/nios2-elf/lib/mno-hw-mul\libsmallc.a(lib_a-strlen.o)

.debug_pubnames
 *(.debug_pubnames)

.debug_info     0x0000000000000000      0xaeb
 *(.debug_info .gnu.linkonce.wi.*)
 .debug_info    0x0000000000000000       0x7f ../hallo_bsp//obj/HAL/src/crt0.o
 .debug_info    0x000000000000007f       0x65 obj/default/hello_world_small.o
 .debug_info    0x00000000000000e4      0x1c9 ../hallo_bsp/\libhal_bsp.a(alt_load.o)
 .debug_info    0x00000000000002ad      0x169 ../hallo_bsp/\libhal_bsp.a(alt_main.o)
 .debug_info    0x0000000000000416      0x13a ../hallo_bsp/\libhal_bsp.a(alt_putstr.o)
 .debug_info    0x0000000000000550      0x185 ../hallo_bsp/\libhal_bsp.a(alt_sys_init.o)
 .debug_info    0x00000000000006d5      0x197 ../hallo_bsp/\libhal_bsp.a(altera_avalon_jtag_uart_write.o)
 .debug_info    0x000000000000086c       0x92 ../hallo_bsp/\libhal_bsp.a(alt_dcache_flush_all.o)
 .debug_info    0x00000000000008fe       0x92 ../hallo_bsp/\libhal_bsp.a(alt_icache_flush_all.o)
 .debug_info    0x0000000000000990       0x92 ../hallo_bsp/\libhal_bsp.a(altera_nios2_gen2_irq.o)
 .debug_info    0x0000000000000a22       0xc9 d:/intelfpga_lite/18.1/nios2eds/bin/gnu/h-x86_64-mingw32/bin/../lib/gcc/nios2-elf/5.3.0/../../../../../H-x86_64-mingw32/nios2-elf/lib/mno-hw-mul\libsmallc.a(lib_a-strlen.o)

.debug_abbrev   0x0000000000000000      0x630
 *(.debug_abbrev)
 .debug_abbrev  0x0000000000000000       0x12 ../hallo_bsp//obj/HAL/src/crt0.o
 .debug_abbrev  0x0000000000000012       0x64 obj/default/hello_world_small.o
 .debug_abbrev  0x0000000000000076       0xd8 ../hallo_bsp/\libhal_bsp.a(alt_load.o)
 .debug_abbrev  0x000000000000014e       0xee ../hallo_bsp/\libhal_bsp.a(alt_main.o)
 .debug_abbrev  0x000000000000023c       0xd3 ../hallo_bsp/\libhal_bsp.a(alt_putstr.o)
 .debug_abbrev  0x000000000000030f      0x107 ../hallo_bsp/\libhal_bsp.a(alt_sys_init.o)
 .debug_abbrev  0x0000000000000416       0xd5 ../hallo_bsp/\libhal_bsp.a(altera_avalon_jtag_uart_write.o)
 .debug_abbrev  0x00000000000004eb       0x42 ../hallo_bsp/\libhal_bsp.a(alt_dcache_flush_all.o)
 .debug_abbrev  0x000000000000052d       0x42 ../hallo_bsp/\libhal_bsp.a(alt_icache_flush_all.o)
 .debug_abbrev  0x000000000000056f       0x42 ../hallo_bsp/\libhal_bsp.a(altera_nios2_gen2_irq.o)
 .debug_abbrev  0x00000000000005b1       0x7f d:/intelfpga_lite/18.1/nios2eds/bin/gnu/h-x86_64-mingw32/bin/../lib/gcc/nios2-elf/5.3.0/../../../../../H-x86_64-mingw32/nios2-elf/lib/mno-hw-mul\libsmallc.a(lib_a-strlen.o)

.debug_line     0x0000000000000000      0x712
 *(.debug_line)
 .debug_line    0x0000000000000000       0x66 ../hallo_bsp//obj/HAL/src/crt0.o
 .debug_line    0x0000000000000066       0x72 obj/default/hello_world_small.o
 .debug_line    0x00000000000000d8       0xa4 ../hallo_bsp/\libhal_bsp.a(alt_load.o)
 .debug_line    0x000000000000017c       0xbd ../hallo_bsp/\libhal_bsp.a(alt_main.o)
 .debug_line    0x0000000000000239       0xa0 ../hallo_bsp/\libhal_bsp.a(alt_putstr.o)
 .debug_line    0x00000000000002d9      0x101 ../hallo_bsp/\libhal_bsp.a(alt_sys_init.o)
 .debug_line    0x00000000000003da       0xf0 ../hallo_bsp/\libhal_bsp.a(altera_avalon_jtag_uart_write.o)
 .debug_line    0x00000000000004ca       0x4e ../hallo_bsp/\libhal_bsp.a(alt_dcache_flush_all.o)
 .debug_line    0x0000000000000518       0x4e ../hallo_bsp/\libhal_bsp.a(alt_icache_flush_all.o)
 .debug_line    0x0000000000000566       0x50 ../hallo_bsp/\libhal_bsp.a(altera_nios2_gen2_irq.o)
 .debug_line    0x00000000000005b6      0x15c d:/intelfpga_lite/18.1/nios2eds/bin/gnu/h-x86_64-mingw32/bin/../lib/gcc/nios2-elf/5.3.0/../../../../../H-x86_64-mingw32/nios2-elf/lib/mno-hw-mul\libsmallc.a(lib_a-strlen.o)

.debug_frame    0x0000000000000000      0x190
 *(.debug_frame)
 .debug_frame   0x0000000000000000       0x28 obj/default/hello_world_small.o
 .debug_frame   0x0000000000000028       0x30 ../hallo_bsp/\libhal_bsp.a(alt_load.o)
 .debug_frame   0x0000000000000058       0x2c ../hallo_bsp/\libhal_bsp.a(alt_main.o)
 .debug_frame   0x0000000000000084       0x30 ../hallo_bsp/\libhal_bsp.a(alt_putstr.o)
 .debug_frame   0x00000000000000b4       0x3c ../hallo_bsp/\libhal_bsp.a(alt_sys_init.o)
 .debug_frame   0x00000000000000f0       0x20 ../hallo_bsp/\libhal_bsp.a(altera_avalon_jtag_uart_write.o)
 .debug_frame   0x0000000000000110       0x20 ../hallo_bsp/\libhal_bsp.a(alt_dcache_flush_all.o)
 .debug_frame   0x0000000000000130       0x20 ../hallo_bsp/\libhal_bsp.a(alt_icache_flush_all.o)
 .debug_frame   0x0000000000000150       0x20 ../hallo_bsp/\libhal_bsp.a(altera_nios2_gen2_irq.o)
 .debug_frame   0x0000000000000170       0x20 d:/intelfpga_lite/18.1/nios2eds/bin/gnu/h-x86_64-mingw32/bin/../lib/gcc/nios2-elf/5.3.0/../../../../../H-x86_64-mingw32/nios2-elf/lib/mno-hw-mul\libsmallc.a(lib_a-strlen.o)

.debug_str      0x0000000000000000      0x5cc
 *(.debug_str)
 .debug_str     0x0000000000000000       0xaf obj/default/hello_world_small.o
                                         0xb4 (size before relaxing)
 .debug_str     0x00000000000000af      0x1cb ../hallo_bsp/\libhal_bsp.a(alt_load.o)
                                        0x24d (size before relaxing)
 .debug_str     0x000000000000027a       0x8f ../hallo_bsp/\libhal_bsp.a(alt_main.o)
                                        0x1c6 (size before relaxing)
 .debug_str     0x0000000000000309       0x66 ../hallo_bsp/\libhal_bsp.a(alt_putstr.o)
                                        0x1a3 (size before relaxing)
 .debug_str     0x000000000000036f       0x86 ../hallo_bsp/\libhal_bsp.a(alt_sys_init.o)
                                        0x237 (size before relaxing)
 .debug_str     0x00000000000003f5       0x3f ../hallo_bsp/\libhal_bsp.a(altera_avalon_jtag_uart_write.o)
                                        0x226 (size before relaxing)
 .debug_str     0x0000000000000434       0x1f ../hallo_bsp/\libhal_bsp.a(alt_dcache_flush_all.o)
                                        0x166 (size before relaxing)
 .debug_str     0x0000000000000453       0x1f ../hallo_bsp/\libhal_bsp.a(alt_icache_flush_all.o)
                                        0x166 (size before relaxing)
 .debug_str     0x0000000000000472       0x20 ../hallo_bsp/\libhal_bsp.a(altera_nios2_gen2_irq.o)
                                        0x16d (size before relaxing)
 .debug_str     0x0000000000000492      0x13a d:/intelfpga_lite/18.1/nios2eds/bin/gnu/h-x86_64-mingw32/bin/../lib/gcc/nios2-elf/5.3.0/../../../../../H-x86_64-mingw32/nios2-elf/lib/mno-hw-mul\libsmallc.a(lib_a-strlen.o)
                                        0x1e5 (size before relaxing)

.debug_loc      0x0000000000000000      0x101
 *(.debug_loc)
 .debug_loc     0x0000000000000000       0x37 ../hallo_bsp/\libhal_bsp.a(alt_putstr.o)
 .debug_loc     0x0000000000000037       0x21 ../hallo_bsp/\libhal_bsp.a(alt_sys_init.o)
 .debug_loc     0x0000000000000058       0x8b ../hallo_bsp/\libhal_bsp.a(altera_avalon_jtag_uart_write.o)
 .debug_loc     0x00000000000000e3       0x1e d:/intelfpga_lite/18.1/nios2eds/bin/gnu/h-x86_64-mingw32/bin/../lib/gcc/nios2-elf/5.3.0/../../../../../H-x86_64-mingw32/nios2-elf/lib/mno-hw-mul\libsmallc.a(lib_a-strlen.o)

.debug_macinfo
 *(.debug_macinfo)

.debug_weaknames
 *(.debug_weaknames)

.debug_funcnames
 *(.debug_funcnames)

.debug_typenames
 *(.debug_typenames)

.debug_varnames
 *(.debug_varnames)

.debug_alt_sim_info
                0x0000000000000000       0x10
 *(.debug_alt_sim_info)
 .debug_alt_sim_info
                0x0000000000000000       0x10 ../hallo_bsp//obj/HAL/src/crt0.o
                0x0000000002000000                __alt_data_end = 0x2000000
                0x0000000002000000                PROVIDE (__alt_stack_pointer, __alt_data_end)
                [!provide]                        PROVIDE (__alt_stack_limit, __alt_stack_base)
                [!provide]                        PROVIDE (__alt_heap_start, end)
                [!provide]                        PROVIDE (__alt_heap_limit, 0x2000000)
OUTPUT(hallo.elf elf32-littlenios2)

.debug_ranges   0x0000000000000000       0x88
 .debug_ranges  0x0000000000000000       0x20 ../hallo_bsp//obj/HAL/src/crt0.o
 .debug_ranges  0x0000000000000020       0x10 obj/default/hello_world_small.o
 .debug_ranges  0x0000000000000030       0x48 ../hallo_bsp/\libhal_bsp.a(alt_load.o)
 .debug_ranges  0x0000000000000078       0x10 d:/intelfpga_lite/18.1/nios2eds/bin/gnu/h-x86_64-mingw32/bin/../lib/gcc/nios2-elf/5.3.0/../../../../../H-x86_64-mingw32/nios2-elf/lib/mno-hw-mul\libsmallc.a(lib_a-strlen.o)
